// Jest Snapshot v1, https://goo.gl/fbAQLP

exports[`<EnergyDistGrid /> matches snapshot 1`] = `
"<div class=\\"row\\">
  <div class=\\"time center\\">01:00:00 GMT+0100 (BST) - 01:30:00 GMT+0100 (BST)</div>
  <div class=\\"col-3\\">
    <div class=\\"tile-card center\\">
      <div class=\\"tile-body\\"><label class=\\"tile-label\\">biomass</label>
        <div id=\\"gauge-chart-biomass-0\\" style=\\"width: 100%;\\"><svg width=\\"0\\" height=\\"0\\">
            <g transform=\\"translate(0, 0)\\">
              <g class=\\"doughnut\\" transform=\\"translate(0, 0)\\">
                <g class=\\"arc\\">
                  <path d=\\"M0,0Z\\" style=\\"fill: rgb(255, 95, 109);\\"></path>
                </g>
                <g class=\\"arc\\">
                  <path d=\\"M0,0Z\\" style=\\"fill: rgb(255, 141, 104);\\"></path>
                </g>
                <g class=\\"arc\\">
                  <path d=\\"M0,0Z\\" style=\\"fill: rgb(255, 195, 113);\\"></path>
                </g>
              </g>
              <g class=\\"needle\\" transform=\\"translate(0, 0)\\">
                <path d=\\"M 0 0 L 0 0 L 0 0\\" fill=\\"#000\\"></path>
                <circle cx=\\"0\\" cy=\\"0\\" r=\\"0\\" fill=\\"#464A4F\\"></circle>
              </g>
            </g>
          </svg></div>
        <h5>20%</h5>
      </div>
    </div>
  </div>
  <div class=\\"col-3\\">
    <div class=\\"tile-card center\\">
      <div class=\\"tile-body\\"><label class=\\"tile-label\\">nuclear</label>
        <div id=\\"gauge-chart-nuclear-1\\" style=\\"width: 100%;\\"><svg width=\\"0\\" height=\\"0\\">
            <g transform=\\"translate(0, 0)\\">
              <g class=\\"doughnut\\" transform=\\"translate(0, 0)\\">
                <g class=\\"arc\\">
                  <path d=\\"M0,0Z\\" style=\\"fill: rgb(255, 95, 109);\\"></path>
                </g>
                <g class=\\"arc\\">
                  <path d=\\"M0,0Z\\" style=\\"fill: rgb(255, 141, 104);\\"></path>
                </g>
                <g class=\\"arc\\">
                  <path d=\\"M0,0Z\\" style=\\"fill: rgb(255, 195, 113);\\"></path>
                </g>
              </g>
              <g class=\\"needle\\" transform=\\"translate(0, 0)\\">
                <path d=\\"M 0 0 L 0 0 L 0 0\\" fill=\\"#000\\"></path>
                <circle cx=\\"0\\" cy=\\"0\\" r=\\"0\\" fill=\\"#464A4F\\"></circle>
              </g>
            </g>
          </svg></div>
        <h5>40%</h5>
      </div>
    </div>
  </div>
  <div class=\\"col-3\\">
    <div class=\\"tile-card center\\">
      <div class=\\"tile-body\\"><label class=\\"tile-label\\">wind</label>
        <div id=\\"gauge-chart-wind-2\\" style=\\"width: 100%;\\"><svg width=\\"0\\" height=\\"0\\">
            <g transform=\\"translate(0, 0)\\">
              <g class=\\"doughnut\\" transform=\\"translate(0, 0)\\">
                <g class=\\"arc\\">
                  <path d=\\"M0,0Z\\" style=\\"fill: rgb(255, 95, 109);\\"></path>
                </g>
                <g class=\\"arc\\">
                  <path d=\\"M0,0Z\\" style=\\"fill: rgb(255, 141, 104);\\"></path>
                </g>
                <g class=\\"arc\\">
                  <path d=\\"M0,0Z\\" style=\\"fill: rgb(255, 195, 113);\\"></path>
                </g>
              </g>
              <g class=\\"needle\\" transform=\\"translate(0, 0)\\">
                <path d=\\"M 0 0 L 0 0 L 0 0\\" fill=\\"#000\\"></path>
                <circle cx=\\"0\\" cy=\\"0\\" r=\\"0\\" fill=\\"#464A4F\\"></circle>
              </g>
            </g>
          </svg></div>
        <h5>40%</h5>
      </div>
    </div>
  </div>
</div>"
`;
